Microchip MPLAB XC8 Compiler V2.40

Linker command line:

-W-3 \
  --edf=C:\Program Files\Microchip\xc8\v2.40\pic\dat\20220703182018_en.msgs \
  -pivt0x8=08h -cn -h+dist/default/production\AGV.X.production.sym \
  --cmf=dist/default/production\AGV.X.production.cmf -z -Q18F24K42 \
  -oC:\Users\doinn\AppData\Local\Temp\xcAs94g.4 --defsym=__MPLAB_BUILD=1 \
  --fixupoverflow=error -Mdist/default/production/AGV.X.production.map \
  --md=C:\Users\doinn\AppData\Local\Temp\xcAs94g.dat -E1 -ver=XC8 Compiler \
  --acfsm=1493 -ACODE=00h-03FFFh -ACONST=00h-03FFFh \
  -ASMALLCONST=0400h-04FFhx60 -AMEDIUMCONST=0400h-03FFFh -ACOMRAM=01h-05Fh \
  -AABS1=00h-03FFh -ABIGRAM=01h-03FFh -ARAM=060h-0FFh,0100h-01FFhx3 \
  -ABANK0=060h-0FFh -ABANK1=0100h-01FFh -ABANK2=0200h-02FFh \
  -ABANK3=0300h-03FFh -ASFR=03800h-038FFhx7,03F00h-03F5Fh,03F60h-03FFFh \
  -ABIGSFR=03800h-03FFFh -ACONFIG=0300000h-0300009h \
  -AIDLOC=0200000h-020000Fh -AEEDATA=0310000h-03100FFh -peeprom_data=EEDATA \
  -preset_vec=00h -ppowerup=CODE,init -pramtop=0400h \
  -psmallconst=SMALLCONST -pmediumconst=MEDIUMCONST -pconst=CONST \
  -AFARRAM=00h-00h \
  -prdata=COMRAM,nvrram=COMRAM,nvbit=COMRAM,rbss=COMRAM,rbit=COMRAM \
  -pfarbss=FARRAM,fardata=FARRAM,nvFARRAM=FARRAM \
  -pintsave_regs=BIGRAM,bigbss=BIGRAM,bigdata=BIGRAM -pbss=RAM \
  -pidata=CODE,irdata=CODE,ibigdata=CODE,ifardata=CODE -prparam=COMRAM \
  C:\Users\doinn\AppData\Local\Temp\xcAs94g.o \
  dist/default/production\AGV.X.production.o 

Object code version is 3.11

Machine type is 18F24K42



                Name                               Link     Load   Length Selector   Space Scale
C:\Users\doinn\AppData\Local\Temp\xcAs94g.o
                idloc                            200000   200000       10        0       5
                config                           300000   300000        A        0       4
                init                                 1A       1A        4        4       0
                reset_vec                             0        0        4        0       0
dist/default/production\AGV.X.production.o
                idloc                            200000   200000       10        0       5
                config                           300000   300000        A        0       4
                smallconst                          400      400       2C      200       0
                ivt0x8                                8        8       12        4       0
                text10                              932      932       2A      216       0
                text9                               89C      89C       38      216       0
                text8                               746      746       A0      216       0
                text7                               69E      69E       A8      216       0
                text6                               95C      95C       20      216       0
                text5                               8D4      8D4       32      216       0
                text4                               85C      85C       40      216       0
                text3                               97C      97C       1A      216       0
                text2                               7E6      7E6       76      216       0
                text1                               59E      59E      100      216       0
                text0                               42C      42C      172      216       0
                cstackCOMRAM                          1        1       16        1       1
                cstackBANK0                          A6       A6       44       60       1
                bssBANK0                             60       60       46       60       1
                bssCOMRAM                            17       17        5        1       1
                cinit                               906      906       2C      216       0

TOTAL           Name                               Link     Load   Length     Space
        CLASS   CODE           
                init                                 1A       1A        4         0
                reset_vec                             0        0        4         0
                ivt0x8                                8        8       12         0
                text10                              932      932       2A         0
                text9                               89C      89C       38         0
                text8                               746      746       A0         0
                text7                               69E      69E       A8         0
                text6                               95C      95C       20         0
                text5                               8D4      8D4       32         0
                text4                               85C      85C       40         0
                text3                               97C      97C       1A         0
                text2                               7E6      7E6       76         0
                text1                               59E      59E      100         0
                text0                               42C      42C      172         0
                cinit                               906      906       2C         0

        CLASS   CONST          

        CLASS   SMALLCONST     
                smallconst                          400      400       2C         0

        CLASS   MEDIUMCONST    

        CLASS   COMRAM         
                cstackCOMRAM                          1        1       16         1
                bssCOMRAM                            17       17        5         1

        CLASS   ABS1           

        CLASS   BIGRAM         

        CLASS   RAM            

        CLASS   BANK0          
                cstackBANK0                          A6       A6       44         1
                bssBANK0                             60       60       46         1

        CLASS   BANK1          

        CLASS   BANK2          

        CLASS   BANK3          

        CLASS   SFR            

        CLASS   BIGSFR         

        CLASS   CONFIG         
                config                           300000   300000        A         4

        CLASS   IDLOC          
                idloc                            200000   200000       10         5

        CLASS   EEDATA         

        CLASS   FARRAM         

        CLASS   HEAP           

        CLASS   STACK          



SEGMENTS        Name                           Load    Length   Top    Selector   Space  Class

                reset_vec                      000000  000004  000004         0       0  CODE    
                cstackCOMRAM                   000001  00001B  00001C         1       1  COMRAM  
                ivt0x8                         000008  000016  00001E         4       0  CODE    
                bssBANK0                       000060  00008A  0000EA        60       1  BANK0   
                smallconst                     000400  00002C  00042C       200       0  SMALLCON
                text0                          00042C  00056A  000996       216       0  CODE    


UNUSED ADDRESS RANGES

        Name                Unused          Largest block    Delta
        BANK0            0000EA-0000FF               16
        BANK1            000100-0001FF              100
        BANK2            000200-0002FF              100
        BANK3            000300-0003FF              100
        BIGRAM           00001C-00005F               44
                         0000EA-0003FF              316
        BIGSFR           003800-003FFF              800
        CODE             000004-000007                4
                         00001E-0003FF              3E2
                         000996-003FFF             366A
        COMRAM           00001C-00005F               44
        CONST            000004-000007                4
                         00001E-0003FF              3E2
                         000996-003FFF             366A
        EEDATA           310000-3100FF              100
        MEDIUMCONST      000996-003FFF             366A
        RAM              0000EA-0003FF              100
        SFR              003800-003FFF              100
        SMALLCONST       000996-003FFF              100

                                  Symbol Table

IVTBASEH                            (abs)        003FD6
IVTBASEL                            (abs)        003FD5
IVTBASEU                            (abs)        003FD7
Timer_ISR@CountCallBack             bssBANK0     0000A0
UART_Read_Line@i                    cstackCOMRAM 000004
UART_Read_Line@string               cstackCOMRAM 000002
UART_Write@byte                     cstackCOMRAM 000002
UART_Write_Line@ptr                 cstackCOMRAM 000005
UART_Write_Line@string              cstackCOMRAM 000003
_ANSELA                             (abs)        003A40
_ANSELB                             (abs)        003A50
_ANSELC                             (abs)        003A60
_CCPTMRS1bits                       (abs)        003F5F
_INLVLA                             (abs)        003A44
_INLVLB                             (abs)        003A54
_INLVLC                             (abs)        003A64
_INLVLE                             (abs)        003A84
_INT0PPS                            (abs)        003AC0
_INT1PPS                            (abs)        003AC1
_INTCON0bits                        (abs)        003FD2
_INTERRUPT_InterruptManager         text8        000746
_OSCCON1                            (abs)        0039D9
_OSCCON3                            (abs)        0039DB
_OSCEN                              (abs)        0039DD
_OSCFRQ                             (abs)        0039DF
_OSCTUNE                            (abs)        0039DE
_PIE1bits                           (abs)        003991
_PIE3bits                           (abs)        003993
_PIE4bits                           (abs)        003994
_PIE5bits                           (abs)        003995
_PIR1bits                           (abs)        0039A1
_PIR3bits                           (abs)        0039A3
_PIR4bits                           (abs)        0039A4
_PIR5bits                           (abs)        0039A5
_PWM5CON                            (abs)        003F6E
_PWM5DCH                            (abs)        003F6D
_PWM5DCL                            (abs)        003F6C
_PWM6CON                            (abs)        003F6A
_PWM6DCH                            (abs)        003F69
_PWM6DCL                            (abs)        003F68
_PWM7CON                            (abs)        003F66
_PWM7DCH                            (abs)        003F65
_PWM7DCL                            (abs)        003F64
_PWM8CON                            (abs)        003F62
_PWM8DCH                            (abs)        003F61
_PWM8DCL                            (abs)        003F60
_RA0PPS                             (abs)        003A00
_RA1PPS                             (abs)        003A01
_RA3PPS                             (abs)        003A03
_RA4PPS                             (abs)        003A04
_RC6PPS                             (abs)        003A16
_System_Initialize                  text7        00069E
_T2CLKCON                           (abs)        003FAE
_T2CON                              (abs)        003FAC
_T2HLT                              (abs)        003FAD
_T2PR                               (abs)        003FAB
_T2RST                              (abs)        003FAF
_T2TMR                              (abs)        003FAA
_TRISA                              (abs)        003FC2
_TRISB                              (abs)        003FC3
_TRISC                              (abs)        003FC4
_Timer_ISR                          text10       000932
_Timer_Init                         text6        00095C
_U1BRGL                             (abs)        003DF5
_U1CON0                             (abs)        003DF2
_U1CON0bits                         (abs)        003DF2
_U1CON1                             (abs)        003DF3
_U1RXB                              (abs)        003DE8
_U1RXPPS                            (abs)        003AE5
_U1TXB                              (abs)        003DEA
_UART_Init                          text5        0008D4
_UART_RX_ISR                        text9        00089C
_UART_RX_buffer                     bssBANK0     000060
_UART_RX_head                       bssBANK0     0000A2
_UART_RX_tail                       bssCOMRAM    000017
_UART_Read_Line                     text4        00085C
_UART_Write                         text3        00097C
_UART_Write_Line                    text2        0007E6
__HRAM                              (abs)        000000
__Habs1                             abs1         000000
__Hbank0                            bank0        000000
__Hbank1                            bank1        000000
__Hbank2                            bank2        000000
__Hbank3                            bank3        000000
__Hbigbss                           bigbss       000000
__Hbigdata                          bigdata      000000
__Hbigram                           bigram       000000
__Hbigsfr                           bigsfr       000000
__Hbss                              bss          000000
__HbssBANK0                         bssBANK0     000000
__HbssCOMRAM                        bssCOMRAM    000000
__Hcinit                            cinit        000000
__Hclrtext                          clrtext      000000
__Hcomram                           comram       000000
__Hconfig                           config       30000A
__Hconst                            const        000000
__HcstackBANK0                      cstackBANK0  000000
__HcstackCOMRAM                     cstackCOMRAM 000000
__Hdata                             data         000000
__Heeprom_data                      eeprom_data  000000
__Hfarbss                           farbss       000000
__Hfardata                          fardata      000000
__Hheap                             heap         000000
__Hibigdata                         ibigdata     000000
__Hidata                            idata        000000
__Hidloc                            idloc        200010
__Hifardata                         ifardata     000000
__Hinit                             init         00001E
__Hintsave_regs                     intsave_regs 000000
__Hirdata                           irdata       000000
__Hivt0x8                           ivt0x8       00001A
__Hmediumconst                      mediumconst  000000
__HnvFARRAM                         nvFARRAM     000000
__Hnvbit                            nvbit        000000
__Hnvrram                           nvrram       000000
__Hparam                            rparam       000000
__Hpowerup                          powerup      000000
__Hram                              ram          000000
__Hramtop                           ramtop       000400
__Hrbit                             rbit         000000
__Hrbss                             rbss         000000
__Hrdata                            rdata        000000
__Hreset_vec                        reset_vec    000004
__Hrparam                           rparam       000000
__Hsfr                              sfr          000000
__Hsmallconst                       smallconst   00042C
__Hspace_0                          (abs)        000996
__Hspace_1                          (abs)        0000EA
__Hspace_2                          (abs)        000000
__Hspace_4                          (abs)        60000A
__Hstack                            stack        000000
__Hstruct                           struct       000000
__Htemp                             temp         000000
__Htext                             text         000000
__Htext0                            text0        000000
__Htext1                            text1        000000
__Htext10                           text10       000000
__Htext2                            text2        000000
__Htext3                            text3        000000
__Htext4                            text4        000000
__Htext5                            text5        000000
__Htext6                            text6        000000
__Htext7                            text7        000000
__Htext8                            text8        000000
__Htext9                            text9        000000
__LRAM                              (abs)        000001
__Labs1                             abs1         000000
__Lbank0                            bank0        000000
__Lbank1                            bank1        000000
__Lbank2                            bank2        000000
__Lbank3                            bank3        000000
__Lbigbss                           bigbss       000000
__Lbigdata                          bigdata      000000
__Lbigram                           bigram       000000
__Lbigsfr                           bigsfr       000000
__Lbss                              bss          000000
__LbssBANK0                         bssBANK0     000000
__LbssCOMRAM                        bssCOMRAM    000000
__Lcinit                            cinit        000000
__Lclrtext                          clrtext      000000
__Lcomram                           comram       000000
__Lconfig                           config       000000
__Lconst                            const        000000
__LcstackBANK0                      cstackBANK0  000000
__LcstackCOMRAM                     cstackCOMRAM 000000
__Ldata                             data         000000
__Leeprom_data                      eeprom_data  000000
__Lfarbss                           farbss       000000
__Lfardata                          fardata      000000
__Lheap                             heap         000000
__Libigdata                         ibigdata     000000
__Lidata                            idata        000000
__Lidloc                            idloc        000000
__Lifardata                         ifardata     000000
__Linit                             init         00001A
__Lintsave_regs                     intsave_regs 000000
__Lirdata                           irdata       000000
__Livt0x8                           ivt0x8       000008
__Lmediumconst                      mediumconst  000000
__LnvFARRAM                         nvFARRAM     000000
__Lnvbit                            nvbit        000000
__Lnvrram                           nvrram       000000
__Lparam                            rparam       000000
__Lpowerup                          powerup      000000
__Lram                              ram          000000
__Lramtop                           ramtop       000400
__Lrbit                             rbit         000000
__Lrbss                             rbss         000000
__Lrdata                            rdata        000000
__Lreset_vec                        reset_vec    000000
__Lrparam                           rparam       000000
__Lsfr                              sfr          000000
__Lsmallconst                       smallconst   000400
__Lspace_0                          (abs)        000000
__Lspace_1                          (abs)        000000
__Lspace_2                          (abs)        000000
__Lspace_4                          (abs)        000000
__Lstack                            stack        000000
__Lstruct                           struct       000000
__Ltemp                             temp         000000
__Ltext                             text         000000
__Ltext0                            text0        000000
__Ltext1                            text1        000000
__Ltext10                           text10       000000
__Ltext2                            text2        000000
__Ltext3                            text3        000000
__Ltext4                            text4        000000
__Ltext5                            text5        000000
__Ltext6                            text6        000000
__Ltext7                            text7        000000
__Ltext8                            text8        000000
__Ltext9                            text9        000000
__S0                                (abs)        000996
__S1                                (abs)        0000EA
__S4                                (abs)        000000
__S5                                (abs)        000000
___heap_hi                          (abs)        000000
___heap_lo                          (abs)        000000
___inthi_sp                         stack        000000
___intlo_sp                         stack        000000
___param_bank                       (abs)        000000
___rparam_used                      (abs)        000001
___sp                               stack        000000
__accesstop                         (abs)        000060
__activetblptr                      (abs)        000002
__end_of_INTERRUPT_InterruptManager text8        0007E6
__end_of_System_Initialize          text7        000746
__end_of_Timer_ISR                  text10       00095C
__end_of_Timer_Init                 text6        00097C
__end_of_UART_Init                  text5        000906
__end_of_UART_RX_ISR                text9        0008D4
__end_of_UART_Read_Line             text4        00089C
__end_of_UART_Write                 text3        000996
__end_of_UART_Write_Line            text2        00085C
__end_of__initialization            cinit        000928
__end_of_interpret_command          text1        00069E
__end_of_main                       text0        00059E
__initialization                    cinit        000906
__mediumconst                       mediumconst  000000
__pbssBANK0                         bssBANK0     000060
__pbssCOMRAM                        bssCOMRAM    000017
__pcinit                            cinit        000906
__pcstackBANK0                      cstackBANK0  0000A6
__pcstackCOMRAM                     cstackCOMRAM 000001
__pivt0x8                           ivt0x8       000008
__psmallconst                       smallconst   000400
__ptext0                            text0        00042C
__ptext1                            text1        00059E
__ptext10                           text10       000932
__ptext2                            text2        0007E6
__ptext3                            text3        00097C
__ptext4                            text4        00085C
__ptext5                            text5        0008D4
__ptext6                            text6        00095C
__ptext7                            text7        00069E
__ptext8                            text8        000746
__ptext9                            text9        00089C
__ramtop                            ramtop       000400
__smallconst                        smallconst   000400
_command_flag                       bssCOMRAM    00001A
_current_command                    bssBANK0     000080
_encoder_flag                       bssCOMRAM    000019
_init                               bssCOMRAM    000018
_interpret_command                  text1        00059E
_left_count                         bssCOMRAM    00001B
_main                               text0        00042C
_prev_left_count                    bssBANK0     0000A4
_prev_right_count                   bssBANK0     0000A3
_right_count                        bssBANK0     0000A5
end_of_initialization               cinit        000928
interpret_command@command           cstackCOMRAM 000007
interpret_command@error_msg         cstackCOMRAM 00000A
interpret_command@msg               cstackCOMRAM 00000C
interpret_command@msg_414           cstackCOMRAM 00000E
interpret_command@msg_416           cstackCOMRAM 000010
interpret_command@msg_418           cstackCOMRAM 000012
interpret_command@ptr               cstackCOMRAM 000014
intlevel0                           text         000000
intlevel1                           text         000000
intlevel2                           text         000000
intlevel3                           text         000000
isa$std                             (abs)        000001
isa$xinst                           (abs)        000000
ivt0x8_base                         ivt0x8       000008
main@command                        cstackBANK0  0000A6
main@good_msg                       cstackBANK0  0000E6
main@ptr                            cstackBANK0  0000E8
stackhi                             (abs)        000000
stacklo                             (abs)        000000
start                               init         00001A
start_initialization                cinit        000906


MODULE INFORMATION

Module		Function		Class		Link	Load	Size
uart.c
		_UART_RX_ISR   		CODE           	089C	0000	56
		_UART_Init     		CODE           	08D4	0000	50
		_UART_Write_Line		CODE           	07E6	0000	118
		_UART_Read_Line		CODE           	085C	0000	64
		_UART_Write    		CODE           	097C	0000	26

uart.c estimated size: 314

timer.c
		_Timer_ISR     		CODE           	0932	0000	42
		_Timer_Init    		CODE           	095C	0000	32

timer.c estimated size: 74

shared
		__initialization		CODE           	0906	0000	34

shared estimated size: 34

main.c
		_System_Initialize		CODE           	069E	0000	168
		_interpret_command		CODE           	059E	0000	256
		_main          		CODE           	042C	0000	370
		_INTERRUPT_InterruptManager		CODE           	0746	0000	160

main.c estimated size: 954

